class Address {
  city: string | null;
  state: string | null;
  street_address: string | null;
}
